{
  "cases": 18,
  "actorHash": "ee276f96ac89769f9f3c57c146f85c06af7efd429623b0ab85a46bf51acaa84b",
  "summary": [
    {
      "place": "spawn",
      "weapon": "sword",
      "phase": "ascent",
      "before": {
        "all": 0.5035966654023347,
        "skin": 0.757722242188781,
        "cloth": 0.5035966654023347,
        "rigid": 1.1152233770819102
      },
      "after": {
        "all": 0.005999999999999783,
        "skin": 0.005999999999999783,
        "cloth": 0.011999978149691337,
        "rigid": 0.0314540223465567
      }
    },
    {
      "place": "spawn",
      "weapon": "sword",
      "phase": "descent",
      "before": {
        "all": 0.10942999873566794,
        "skin": 0.36355557552211426,
        "cloth": 0.10942999873566794,
        "rigid": 0.7210567104152434
      },
      "after": {
        "all": 0.0015101400115031804,
        "skin": 0.0015101400115031804,
        "cloth": 0.011999978125484478,
        "rigid": 0.0314540223465567
      }
    },
    {
      "place": "spawn",
      "weapon": "greatsword",
      "phase": "ascent",
      "before": {
        "all": 0.5035966654023347,
        "skin": 0.757722242188781,
        "cloth": 0.5035966654023347,
        "rigid": 1.1152233770819102
      },
      "after": {
        "all": 0.005999999999999783,
        "skin": 0.005999999999999783,
        "cloth": 0.011999978149691337,
        "rigid": 0.031419740907624005
      }
    },
    {
      "place": "spawn",
      "weapon": "greatsword",
      "phase": "descent",
      "before": {
        "all": 0.10942999873566794,
        "skin": 0.36355557552211426,
        "cloth": 0.10942999873566794,
        "rigid": 0.7210567104152434
      },
      "after": {
        "all": 0.0015101400115031804,
        "skin": 0.0015101400115031804,
        "cloth": 0.011999978125484478,
        "rigid": 0.031419740907624005
      }
    },
    {
      "place": "spawn",
      "weapon": "spear",
      "phase": "ascent",
      "before": {
        "all": 0.5035966654023347,
        "skin": 0.757722242188781,
        "cloth": 0.5035966654023347,
        "rigid": 0.9620904864260496
      },
      "after": {
        "all": 0.005999999999999783,
        "skin": 0.005999999999999783,
        "cloth": 0.011999978149691337,
        "rigid": 0.038697935049680554
      }
    },
    {
      "place": "spawn",
      "weapon": "spear",
      "phase": "descent",
      "before": {
        "all": 0.10942999873566794,
        "skin": 0.36355557552211426,
        "cloth": 0.10942999873566794,
        "rigid": 0.5679238197593828
      },
      "after": {
        "all": 0.0015101400115031804,
        "skin": 0.0015101400115031804,
        "cloth": 0.011999978125484478,
        "rigid": 0.038697935049680554
      }
    },
    {
      "place": "slope",
      "weapon": "sword",
      "phase": "ascent",
      "before": {
        "all": 0.8513436285185563,
        "skin": 0.8939205260234928,
        "cloth": 0.8513436285185563,
        "rigid": 1.1136261245542372
      },
      "after": {
        "all": 0.006000000000000227,
        "skin": 0.006000000000000227,
        "cloth": 0.02787528716814336,
        "rigid": 0.02969557225027586
      }
    },
    {
      "place": "slope",
      "weapon": "sword",
      "phase": "descent",
      "before": {
        "all": 0.4571769618518928,
        "skin": 0.49975385935682937,
        "cloth": 0.4571769618518928,
        "rigid": 0.7194594578875737
      },
      "after": {
        "all": 0.0006538212941080701,
        "skin": 0.0006538212941080701,
        "cloth": 0.02787528716814336,
        "rigid": 0.02969557225027586
      }
    },
    {
      "place": "slope",
      "weapon": "greatsword",
      "phase": "ascent",
      "before": {
        "all": 0.8513436285185563,
        "skin": 0.8939205260234928,
        "cloth": 0.8513436285185563,
        "rigid": 1.111404075511679
      },
      "after": {
        "all": 0.006000000000000227,
        "skin": 0.006000000000000227,
        "cloth": 0.02787528716814336,
        "rigid": 0.027818436278565173
      }
    },
    {
      "place": "slope",
      "weapon": "greatsword",
      "phase": "descent",
      "before": {
        "all": 0.4571769618518928,
        "skin": 0.49975385935682937,
        "cloth": 0.4571769618518928,
        "rigid": 0.7172374088450155
      },
      "after": {
        "all": 0.0006538212941080701,
        "skin": 0.0006538212941080701,
        "cloth": 0.02787528716814336,
        "rigid": 0.027818436278565173
      }
    },
    {
      "place": "slope",
      "weapon": "spear",
      "phase": "ascent",
      "before": {
        "all": 0.8513436285185563,
        "skin": 0.8939205260234928,
        "cloth": 0.8513436285185563,
        "rigid": 1.0230061226693863
      },
      "after": {
        "all": 0.006000000000000227,
        "skin": 0.006000000000000227,
        "cloth": 0.02787528716814336,
        "rigid": 0.03408716398572409
      }
    },
    {
      "place": "slope",
      "weapon": "spear",
      "phase": "descent",
      "before": {
        "all": 0.4571769618518928,
        "skin": 0.49975385935682937,
        "cloth": 0.4571769618518928,
        "rigid": 0.6288394560027228
      },
      "after": {
        "all": 0.0006538212941080701,
        "skin": 0.0006538212941080701,
        "cloth": 0.02787528716814336,
        "rigid": 0.03408716398572409
      }
    },
    {
      "place": "bridge",
      "weapon": "sword",
      "phase": "ascent",
      "before": {
        "all": 0.8640905311982462,
        "skin": 0.9087954943996495,
        "cloth": 0.8640905311982462,
        "rigid": 1.1236797078633591
      },
      "after": {
        "all": 0.006000000000000005,
        "skin": 0.006000000000000005,
        "cloth": 0.011999979028736174,
        "rigid": 0.02951304632269164
      }
    },
    {
      "place": "bridge",
      "weapon": "sword",
      "phase": "descent",
      "before": {
        "all": 0.4699238645315795,
        "skin": 0.5146288277329826,
        "cloth": 0.4699238645315795,
        "rigid": 0.7295130411966924
      },
      "after": {
        "all": 0.002106810215257271,
        "skin": 0.002106810215257271,
        "cloth": 0.011999981018911088,
        "rigid": 0.02951304632269164
      }
    },
    {
      "place": "bridge",
      "weapon": "greatsword",
      "phase": "ascent",
      "before": {
        "all": 0.8640905311982462,
        "skin": 0.9087954943996495,
        "cloth": 0.8640905311982462,
        "rigid": 1.1236797078633591
      },
      "after": {
        "all": 0.006000000000000005,
        "skin": 0.006000000000000005,
        "cloth": 0.011999979028736174,
        "rigid": 0.02951304632269164
      }
    },
    {
      "place": "bridge",
      "weapon": "greatsword",
      "phase": "descent",
      "before": {
        "all": 0.4699238645315795,
        "skin": 0.5146288277329826,
        "cloth": 0.4699238645315795,
        "rigid": 0.7295130411966924
      },
      "after": {
        "all": 0.002106810215257271,
        "skin": 0.002106810215257271,
        "cloth": 0.011999981018911088,
        "rigid": 0.02951304632269164
      }
    },
    {
      "place": "bridge",
      "weapon": "spear",
      "phase": "ascent",
      "before": {
        "all": 0.8640905311982462,
        "skin": 0.9087954943996495,
        "cloth": 0.8640905311982462,
        "rigid": 1.092975346158044
      },
      "after": {
        "all": 0.006000000000000005,
        "skin": 0.006000000000000005,
        "cloth": 0.011999979028736174,
        "rigid": 0.03771469893380902
      }
    },
    {
      "place": "bridge",
      "weapon": "spear",
      "phase": "descent",
      "before": {
        "all": 0.4699238645315795,
        "skin": 0.5146288277329826,
        "cloth": 0.4699238645315795,
        "rigid": 0.6988086794913777
      },
      "after": {
        "all": 0.002106810215257271,
        "skin": 0.002106810215257271,
        "cloth": 0.011999981018911088,
        "rigid": 0.03771469893380902
      }
    }
  ]
}
