
> q-ash-pilgrim@0.21.0 test
> node --test tests/*.test.mjs

✔ saved attack clocks cross windup/strike/recovery continuously for all enemy forms (378.17762ms)
✔ real enemy game ticks preserve strike events and bound the formerly skipped shoulder and body movement (303.147256ms)
✔ each player weapon travels forward at its existing impact clock and stays above the flat floor throughout the attack (147.632906ms)
✔ two-hand equipment follows the passive parry exit on every frame while retaining both grips (25.941328ms)
✔ fresh or previously equipped drink exits never seed a two-hand transition from a zero target (53.236601ms)
✔ hidden re-grasp starts without an elbow-pole flip and lowers through consecutive saved drink frames (18.715261ms)
✔ sampled actual blade centerlines clear skinned head and torso triangles through all nine attacks (4339.285045ms)
✔ weighted attacks preserve world stance on slopes, and saved two-hand grips reconstruct independently of prior pose (40.489953ms)
✔ every actor uses normalized multi-bone joint collars and outward body normals (565.363781ms)
✔ target-locked strafe, diagonal and turning motion preserve consecutive world stance anchors (161.062916ms)
✔ parry exit advances smoothly on every frame, reaches idle, and preserves snapshot allocations (3.110363ms)
✔ moving actions replant support and evasive movement does not drag old contact points (61.714042ms)
✔ revival restores ground support immediately and idle half-turn repositions anatomical sides (63.243015ms)
✔ delivery choice activates only its own two aftermath residents (299.050942ms)
✔ inactive aftermath people cannot be reached through spoofed interactions (64.859204ms)
✔ road cache restores the promised four potions only after the road choice (115.960007ms)
✔ aftermath routines move on navigable ground and pause for conversation (1073.971682ms)
✔ aftermath position and branch choice survive reload without activating the other branch (88.784146ms)
✔ aftermath dialogue changes by role, ending and time without exposing the unchosen branch (21.361386ms)
✔ real melee deaths retain only vertical motion at 30/60/120 on ground, bridge and slope (1939.706402ms)
✔ dead dt clamps preserve zero-step state, and respawn/dead-load retain existing semantics (84.900456ms)
✔ living motion and save output remain identical to frozen core before death (87.224971ms)
✔ actual main pumps dead fixed ticks at 30/60/120; old main remains frozen as negative control (2302.588337ms)
✔ actual main pause, background and title freeze dead gravity; respawn and dead-save continue stay valid (731.907732ms)
✔ base: every retained surface corner uses its exact original OBJ vertex/UV pair, including same-island seams (20.225641ms)
✔ base: LOD preserves each source face orientation without swapping UV corners and the authored cap is nondegenerate (25.857992ms)
✔ Mira: every retained surface corner uses its exact original OBJ vertex/UV pair, including same-island seams (14.280744ms)
✔ Mira: LOD preserves each source face orientation without swapping UV corners and the authored cap is nondegenerate (4.767734ms)
✔ head source, all archived inputs, generator and generated runtime bytes match provenance (7.60892ms)
✔ derived head is closed at every UV split, outward, finite and within its unchanged silhouette envelope (34.418942ms)
✔ every human shares one independent skeleton and immutable face geometry without texturing hands or duplicating old head skin (778.501817ms)
✔ existing two eyelid bones close the registered sockets monotonically and corrected hoods expose the eyes (28633.552105ms)
✔ capped neck rim stays inside the existing animated neck through pitch, drinking, recoil and death (251.785087ms)
✔ real ranger grip, draw finger, bowstrings and saved release share the existing Game launch line (3976.167236ms)
✔ player settles on chest, pelvis, head and both heels on flat and real ground (924.03851ms)
✔ falling player retains source surface clearance and canonical saved poses (8005.910306ms)
✔ all nonplayer families and themes preserve their complete death poses; nondeath and recovery remain exact (1340.136223ms)
✔ player neckline remains fixed in the same chest-local coordinates (31.374886ms)
✔ all equipped death weapons keep their source grips and clear real ground throughout the fall (763.23174ms)
✔ cape crossings do not increase against full skin including forearms (609.869195ms)
✔ all packaged character assets match recorded provenance and have bound skinning data (40.366558ms)
✔ shared clips bind to all three character skeletons and produce finite moving limbs (26.853683ms)
✔ actors share immutable geometry while bones and action times remain independent (6.250676ms)
✔ attack poses align to the game impact time for all weapons and survive save reload (414.009831ms)
✔ dodge and drinking resume their saved pose without visual root displacement (40.289221ms)
✔ saved death cloth keeps finite area, contacts and unchanged family contracts (2944.790207ms)
✔ saved phases, first seen settled corpses and independent clones reconstruct the same cape (546.653098ms)
✔ 30, 60 and 120 Hz give identical explicit saved phase geometry (255.599722ms)
✔ real spawn slopes preserve the old neckline and never deepen its existing floor penetration (361.833828ms)
✔ ordinary cape UV reduces measured stretching at unchanged area density through saved motion (814.301584ms)
✔ every actually used family and warden theme retains the complete geometry/material/skin contract and budget (194.011348ms)
✔ held attack cannot cancel an accepted parry before an imminent hit (58.222717ms)
✔ a blocked urgent arrow does not hide later unblocked arrows (44.698487ms)
✔ a near-expiry arrow still warns when it will hit on its final live step (66.358559ms)
✔ a 48-arrow batch preserves sequential contact results with shared static prediction (70.016265ms)
✔ a tangent obstacle remains a conservative batch candidate (34.404311ms)
✔ bridge-edge and ground-grazing warnings match live 60 Hz projectile contacts (3173.875186ms)
✔ warnings and production HUD agree with actual contact in independent counterexamples (305.978348ms)
✔ melee warning reports source, player-relative direction, lead time and response without mutation (43.449534ms)
✔ default warning direction remains player-relative for deterministic rule replays (42.683042ms)
✔ camera fallback has normalized front, side and rear directions without mutating combat state (25.024097ms)
✔ projected screen x overrides azimuth fallback for visible threats (0.241385ms)
✔ production combat HUD receives camera yaw and renders actionable screen-relative cues (56.450185ms)
✔ boss radial attacks name jump as the distinct response (14.857944ms)
✔ only arrows whose current flight intersects the player become warnings (23.710637ms)
✔ safe, dead and out-of-reach states do not leave a false warning (12.620272ms)
✔ fixed v0.16/candidate multiple-threat and input-order comparison has no logic regression (466.642952ms)
✔ actual portrait HUD reduces three clustered threats to one safe next action (115.852652ms)
✔ priority is stable under candidate enumeration when impact times differ (59.897373ms)
✔ same-tick threat order follows the live enemy contact order instead of lexical IDs (54.125027ms)
✔ contacts guaranteed harmless during current invulnerability do not hide the next damaging enemy (52.002914ms)
✔ HUD wait state changes at the effective parry and jump windows and following it avoids damage (70.101643ms)
✔ same-frame defense conflicts are order-independent and spend only the selected action (168.892542ms)
✔ current HUD defense replaces a stale higher-priority pending action (27.202982ms)
✔ HUD does not advertise a blocked defense and exposes an unavoidable state (58.346061ms)
✔ dodge consumes the current-frame direction and cleared inputs cannot fire later (44.729521ms)
✔ invulnerability suppression keeps the exact boundary and distinct arrow hazard IDs (115.678189ms)
✔ camera-relative combat HUD satisfies the fixed screen-direction contract (99.516471ms)
✔ spear hits at extended range but misses a side target outside its narrow arc (92.203054ms)
✔ greatsword commits more time and stamina before dealing its heavier hit (39.777644ms)
✔ ranger aims before releasing an arrow, which takes time to reach its target (25.167788ms)
✔ walls intercept arrows before they reach the player (31.912905ms)
✔ timed parry physically returns an arrow and only damages its enemy on arrival (26.220031ms)
✔ jump can carry the player above a previously aimed arrow (32.893027ms)
✔ bridge deck and both ramps support walking above the river (91.910972ms)
✔ crossing supplies require defeating the camp, and delivery has two persistent outcomes (155.389292ms)
✔ legacy save unlocks weapons earned at beacons and cannot restore unknown equipment (44.330815ms)
✔ frame measurements include slow active frames and report their actual intervals (1.0268ms)
✔ a new display setting starts a separate frame measurement window (0.400922ms)
✔ all shipped actor roles and four warden variants have independently bound authored skins within declared geometry budgets (1137.317377ms)
✔ flat and sloping support keep stance ankles at the sampled floor through walk/run with no world transform or game mutation (283.414925ms)
✔ stance feet counter world displacement and teleportation does not invent a high-speed stride (58.517437ms)
✔ saved gameplay actions reconstruct the same articulated pose and impact phase without advancing gameplay (677.451119ms)
✔ windup, release, recovery, hit, live death and settled reload are distinct finite poses for every enemy family (223.068226ms)
✔ authored geometry recipe matches provenance and preserves separate third-party attribution (47.895414ms)
✔ native paused dialogue preserves save and exact gameplay orbit/projection on return (150.011662ms)
✔ resize/quality rebuild composition once; death, threat and static blockage restore ordinary camera (666.503031ms)
✔ disappearing NPC and unready gathering cannot reuse a stale close-up (48.463828ms)
✔ real main ordinary modal retains focus across interruption, ignores wheel and clears on close/settings (354.695764ms)
✔ dialogue layout has an opaque scrollable lower reading region and keyboard-reachable disclosure controls (1.47876ms)
✔ actual gathering next-line and choice replace content at its reading start (262.091727ms)
✔ actual melee death in the dialogue event batch closes the modal and respawn resumes input (279.155035ms)
✔ original packed surface payloads reproduce the recorded bytes and share one upload per family (161.678477ms)
✔ real standard shader hooks preserve lighting and expose bounded triplanar, flow and wind contracts (0.778977ms)
✔ scenery preserves the original seeded placement stream and partitions every tree once across quality changes (4279.87122ms)
✔ production enemy death plays once without changing saved state; restored dead enemies stay hidden (3987.302787ms)
✔ distributed CC0 texture bytes match the immutable source hashes and bounded three-map payload (9.109166ms)
✔ real async environment loader disposes partial failures, retries, then shares albedo and linear normal uploads (9.310568ms)
✔ sourced normal path is distinct from vault overrides and plaster; installing maps updates existing material consumers (34.432732ms)
✔ ground-contact bake is deterministic, read-only, bounded and excludes the movable gate (19.378559ms)
✔ sky, water and metal share lighting direction while material shaders retain Three light and fog stages (47.053727ms)
✔ normal neutral/U/V tilts follow albedo UV derivatives on all six signed projection axes (1.901781ms)
✔ salt region adds stable actors without replacing valley IDs or random woodland (54.801496ms)
✔ expedition interactions require real identity, proximity, idle hands and safety (38.688449ms)
✔ handle, gate collision and one-time return reward survive every stage reload (208.318168ms)
✔ legacy saves close the gate and malformed stages cannot open it without a handle (46.839201ms)
✔ western coordinates, aimed shots and live arrows remain valid through save restoration (91.477802ms)
✔ discovery records once and scene gate state matches the shared collision data (194.112865ms)
✔ Naru only appears after opening and physically carries cargo both ways through the gate (1154.891717ms)
✔ Naru explains the unreported opening, completed route and both endings (22.338774ms)
✔ Mira head records exact licensed source, source-aware LOD recipe and unchanged error gates (7.529846ms)
✔ source-aware identity stays closed across UV splits and keeps protected shared source points fixed (27.191978ms)
✔ only npc adopts the new head; clones share geometry, not pose, and all used families/themes keep budgets (788.232881ms)
✔ open near and distant foliage has finite normalized normals, real UV area, flex roots and bounded wind (38.581575ms)
✔ committed photos preserve cutout coverage across usable mips and do not carry black fringes (437.793872ms)
✔ lit, depth and point-shadow shaders share branch movement, alpha and material updates (8.393904ms)
✔ same 805 tree placement and LOD radii keep six draw sets and bounded triangle changes (84.419748ms)
✔ photo loader disposes temporary decoder textures, rejects a partial set and retries (1.42245ms)
✔ world generation is deterministic and its objective positions are walkable (172.539396ms)
✔ movement is frame-rate independent, diagonals are normalized and world is bounded (143.937719ms)
✔ collision prevents entering a house while allowing sliding along it (56.347804ms)
✔ a slash hits only once and does not reach a distant target (61.737833ms)
✔ dodge consumes stamina, grants a finite invulnerability window, and cannot be spammed (46.02902ms)
✔ parry requires timing and facing, staggers attacker, restores energy (59.588564ms)
✔ enemy windup gives a readable delay before causing damage (45.322738ms)
✔ jump avoids the boss radial attack while grounded player is hit (65.666682ms)
✔ guardians block beacon activation and boss stays sealed until all three beacons are lit (65.649053ms)
✔ chapter can complete through all beacon activations, boss defeat and both endings (140.88079ms)
✔ crafting, upgrades, looting and experience obey resource constraints (33.202148ms)
✔ death preserves progression and respawn clears attacks at the chosen checkpoint (55.047803ms)
✔ save round trip retains progression, depleted potions, ending, loot and coordinates (90.170742ms)
✔ corrupted save input is bounded and does not inject arbitrary game state (46.878076ms)
✔ fast travel disallows locked destinations and nearby enemies (41.271124ms)
✔ zero coordinates survive saving and a death save resumes at the checkpoint (142.525687ms)
✔ a normal hit does not cancel boss windup, but a perfect parry does (49.861048ms)
✔ both scene definitions use canonical actor identities for every authored speaker (78.571079ms)
✔ shared presentation exposes invitations, exactly one current speaker and only already-read history (191.613199ms)
✔ locked, distant, dead and interrupted scenes do not show a false active speaker (105.127251ms)
✔ earned mid-conversation saves produce collision-free over-shoulder staging without mutating game state (36.307401ms)
✔ the gathering panel routes focus to the scene view instead of shadowing it with state (0.701105ms)
✔ world cues follow moving residents, switch speaker rings and hide after completing or changing saves (271.616434ms)
✔ missing walking-earned save still writes a failed diagnostic report (460.887485ms)
✔ corrupt walking-earned save still writes a failed diagnostic report (1332.032195ms)
✔ walking-earned save hash mismatch still writes a failed diagnostic report (317.850733ms)
✔ production gathering boundary: hearth-saved-consultation (390x844) (899.253122ms)
✔ production gathering boundary: road-watch-saved-consultation (390x844) (666.669509ms)
✔ production gathering boundary: hearth-saved-consultation (844x390) (621.658016ms)
✔ production gathering boundary: road-watch-saved-consultation (844x390) (623.727562ms)
✔ gathering actors walk to authored seats and preserve every explicit dialogue beat through saves (451.01414ms)
✔ departure, nearby danger and busy hands suspend choices without losing the current line (484.448224ms)
✔ locked, malformed and legacy gathering saves cannot retain stale completion or grant rewards (64.533666ms)
✔ each alternative grants its own reward once and shows only its resulting prop in the scene graph (549.639606ms)
✔ real structures close the old floating foundations and share native ray/camera/projectile bounds (2207.917315ms)
✔ a tap near recovery end buffers exactly one follow-up; early taps expire (123.397749ms)
✔ defensive buffering wins over held attack and clears on interruption (23.432473ms)
✔ locked target controls the first hit even with a closer enemy behind (30.128501ms)
✔ melee and residual flame cannot damage through a solid wall (42.438901ms)
✔ sealed boss cannot be killed by attacking before opening the gate (18.235677ms)
✔ interactions validate canonical identity, distance and visibility (39.228237ms)
✔ resting requires safety and retains potions already crafted (62.417256ms)
✔ travel and respawn clear airborne, defensive and queued state (65.106195ms)
✔ a threatened destination blocks fast travel from a safe origin (36.83323ms)
✔ relic is delivered near Mira, rewards once and remains delivered after reload (79.712477ms)
✔ enemy circles a building without entering it or striking through it (84.265187ms)
✔ fast movement is swept in substeps and does not tunnel through a small rock (0.249546ms)
✔ camera probes shorten at a wall or ridge, and clear space retains full distance (1.988773ms)
✔ a full-valley route leaves the crown enclosure and reaches the opposite world edge (149.883765ms)
✔ launch completion remains active only in the initiating lifecycle (0.995947ms)
✔ blur, hidden or pagehide invalidates an in-flight asynchronous launch (4.400525ms)
✔ production main boundary: launch-input-pause-resume (390x844) (508.363321ms)
✔ production main boundary: deferred-scene-blur (390x844) (139.17314ms)
✔ production main boundary: deferred-scene-hidden (390x844) (116.857275ms)
✔ production main boundary: deferred-scene-pagehide (390x844) (152.177368ms)
✔ production main boundary: deferred-title-import (390x844) (158.76046ms)
✔ production main boundary: title-import-invalid-file-restores-controls (390x844) (58.59288ms)
✔ production main boundary: active-save-import-and-invalid-file (390x844) (200.703261ms)
✔ production main boundary: scene-load-failure (390x844) (70.554421ms)
✔ production main boundary: storage-and-gamepad-failure (390x844) (132.269272ms)
✔ production main boundary: launch-input-pause-resume (844x390) (257.468019ms)
✔ production main boundary: deferred-scene-blur (844x390) (146.681844ms)
✔ production main boundary: deferred-scene-hidden (844x390) (135.093454ms)
✔ production main boundary: deferred-scene-pagehide (844x390) (107.249105ms)
✔ production main boundary: deferred-title-import (844x390) (127.171332ms)
✔ production main boundary: title-import-invalid-file-restores-controls (844x390) (57.950606ms)
✔ production main boundary: active-save-import-and-invalid-file (844x390) (238.732233ms)
✔ production main boundary: scene-load-failure (844x390) (120.921548ms)
✔ production main boundary: storage-and-gamepad-failure (844x390) (151.300506ms)
✔ script-safe media representation round trips byte boundaries and exact data URLs (37.852497ms)
✔ invalid headers, digits, overflow, cuts and noncanonical padding are rejected (0.520156ms)
✔ browser decoder compiles with no Node, eval, fetch or platform base64 dependencies (35.285103ms)
✔ build identity detects changed or absent standalone helper inputs (94.194225ms)
✔ whole-run stalls survive the rolling window without retaining every frame (2.014738ms)
✔ pause, hidden-tab and new-session gaps never become active frame samples (0.269003ms)
✔ whole-run p95 reports its quantization and bounds long-frame overflow (0.895676ms)
✔ a second title sound gesture cancels a pending unlock without a stale label (284.760661ms)
✔ title sound, loading and return use production lifecycle 390x844 (159.356371ms)
✔ title sound, loading and return use production lifecycle 844x390 (160.631894ms)
✔ tail, loaded and flying extent preserve full length with a narrow nock (2584.657024ms)
✔ full initial occupied span resolves wall and body by raw distance before t0 conversion (361.047669ms)
✔ all rates and optimized prediction use the leading tip time while damage stays 20 (53.226289ms)
✔ a moving actor inside the current shaft is detected even behind its tip (15.977019ms)
✔ terrain continuation is copied to forecasts and rejected after a teleport or reversal (16.722612ms)
✔ parry uses contact as outgoing tail and checks reflected cover immediately (29.828187ms)
✔ expiry, saved coordinates and arrows after shooter death retain their contracts (189.665619ms)
✔ a second real ranger windup shows its loaded arrow despite the previous hit flag (88.809964ms)
✔ same instrumented 48-arrow budget includes exact terrain work and rejects full-span resampling (176.47653ms)
✔ reloading preserves spent stamina, energy, cooldown and airborne momentum (162.909429ms)
✔ reloading preserves a wounded enemy, its committed windup, and an airborne arrow (97.390057ms)
✔ a saved attack that already connected cannot deal its hit twice (91.504818ms)
✔ drinking takes time, spends once, and completes once across two reloads (105.942868ms)
✔ damage and a defensive roll interrupt drinking without refunding the used potion (91.965662ms)
✔ drinking commits the hands, slows movement and prevents sprint drain (64.94032ms)
✔ upgrades need a safe fire; crafting and upgrades reject combat, death and busy hands (31.276389ms)
✔ incoming hostile arrows prevent resting benefits before enemies enter melee range (63.321344ms)
✔ finite cylinders intercept top caps, vertical segments and side walls, but allow passage above (32.343241ms)
✔ a terrain ridge can intercept a projectile even when both endpoints are above ground (0.474807ms)
✔ melee and flame cannot hit from twelve metres above, while a downhill spear reaches (425.542313ms)
✔ parry faces the arriving arrow instead of its original shooter position (120.324057ms)
✔ malformed runtime values cannot create invalid resources, actors or unbounded projectiles (214.03717ms)
✔ corrupt primary data recovers the previous complete journey and keeps that backup on the next save (789.504616ms)
✔ a failed primary write leaves a complete previous save available (129.429465ms)
✔ unreadable or invalid save slots are reported without replacing or deleting either slot (0.319394ms)
✔ duplicate save events do not overwrite the useful previous backup (147.916052ms)
✔ real legacy saves work without runtime data; unknown and incomplete files are rejected (107.906977ms)
✔ actual fixed houses and bridge attachments meet ground without changing movement or closed-door visibility (4019.022911ms)
✔ one deferred decode is shared, decode failure retries, late release disposes and cannot poison new load (2.078643ms)
✔ invalid decode is disposed, cache can recover, invalid install retains prior face material (103.890644ms)
✔ only smith face shares sRGB map across clones; eyes, lids, body and every other role remain unchanged (459.441992ms)
✔ real scene waits for skin, rejects failed decode, installs before actor construction and shares every quality (2548.603775ms)
✔ original HDR hash, linear half data and measured solar direction match the shared level-horizon sampling (15.745837ms)
✔ IBL copy retains directional cloud radiance, removes the direct solar spike and replaces synthetic lower sky (377.351689ms)
✔ native Three PMREM control flow uses exactly two face128 atlases and 19 render calls; resources release once (294.907421ms)
✔ loader failure and invalid decode retry; concurrent successful loads share CPU data, not uploaded textures (6.257563ms)
✔ generator exception restores public renderer state and disposes owned temporary input (185.57581ms)
✔ same saved day controls photo, IBL, direct sun and foliage; active water/metal retain only native PBR reflection (170.670307ms)
✔ fog display values match the official Three ACES shader matrix/fit across day and night radiance (1.302263ms)
✔ real SceneView retains one sky across quality switches and failed replacement, then explicitly releases it (3094.033769ms)
✔ explicit float/half-float support bakes once; unsupported or unknown capability keeps the analytic scene (1577.530604ms)
✔ gesture unlock, actual graph buses, synchronized score, bounded sources, and complete suspend/resume/dispose (200.040393ms)
✔ music preference and mute affect active graph immediately; pause during decode cannot resurrect loops (167.134993ms)
✔ material footsteps follow distance, detect water/bridges/vault, and preserve weapon / position variation (123.299646ms)
✔ resume rejection / unavailable Web Audio stay silent, decode failure produces bounded fallback and vault retries (38.800781ms)
✔ late file one-shot is cancelled across suspension, loop ABA sources stay independent, decoded cache stays bounded (128.047061ms)
✔ failed staging preserves the last valid pointer and removes partial output (242.815089ms)
✔ baked local transforms retain native world updates, parent motion and explicit local rebaking (53.923556ms)
✔ actual scenery graph stays identical through actor, weather, effects, quality, light and parent updates (29433.213925ms)
✔ bounded title backing store covers portrait, landscape and extreme DPR without exceeding 1.6M pixels (1.543224ms)
✔ ember trajectories stay finite and capped through hidden-time jumps, invalid deltas and long reuse (49.741114ms)
✔ active title owns one RAF; stop, pagehide, BFCache and resume cannot leave duplicate loops (1.919663ms)
✔ reduced motion has no RAF, adapts live, resets parallax and leaves semantic launch controls available (0.872431ms)
✔ touch movement is never captured for title parallax; disposal removes all listeners and pending frames (0.874046ms)
✔ presentation state does not mutate saves, button availability or sound and rejects hidden/disabled cues (0.633592ms)
✔ unavailable decorative canvas keeps title controls and state usable without animation requests (0.702533ms)
✔ title illustration provenance fixes source, optimized payload and deployed CSS reference (102.681282ms)
✔ encoded title waits for poster/load, owns one play request, and disables extra canvas rendering after playback (0.894398ms)
✔ reduced motion, data saving, title deactivate and disposal prevent media fetch or release decoder source (2.825229ms)
✔ rejected autoplay and decode error keep poster/buttons usable and gesture retry handles play-promise ABA ownership (0.5454ms)
✔ encoded title is decorative and retains matched portrait/landscape crop without loading through markup (2.764726ms)
✔ queued deliberate pause cannot block focus resume or a new media owner (0.548547ms)
✔ launch releases the movie immediately while poster/loading remain, including settings and lifecycle returns (0.356392ms)
✔ launch cancels queued source attachment and stale play completions cannot reacquire the decoder (0.324449ms)
✔ failed launch preserves manual pause, reduced motion, data saving, autoplay block and hidden-page policy (0.931678ms)
✔ portrait three-pointer trace keeps movement, camera and dodge independent (6.342231ms)
✔ landscape capture, cancellation, wrong ids and lifecycle clearing cannot leave input held (1.360259ms)
✔ lost capture, blur and pagehide clearing each remove their pointer ownership (0.769358ms)
✔ pointer evidence separates portrait and landscape measurement sessions without raw positions (0.564988ms)
✔ capture failure rolls back immediately and document end remains a fallback (1.0278ms)
✔ right-click parry is aggregated without leaving an active pointer (0.367965ms)
✔ main wires the production adapter, lifecycle reset, device report and build identity (3.319036ms)
✔ production touch routing matches direct combat input in portrait and landscape (1780.600985ms)
✔ vault asset manifest exactly covers deterministic production texture and audio bytes (69.644061ms)
✔ file audio bank fetches, decodes, connects and starts every ambient and six SFX (4.937335ms)
✔ production vault boundary: ember-vault (390x844) (1746.676056ms)
✔ production vault boundary: ember-vault (844x390) (1420.735336ms)
✔ production vault boundary: tide-vault (390x844) (8409.960485ms)
✔ production vault boundary: tide-vault (844x390) (2969.446821ms)
✔ production vault boundary: gale-vault (390x844) (4699.592351ms)
✔ production vault boundary: gale-vault (844x390) (3362.059939ms)
✔ production vault boundary: moss-vault (390x844) (2046.483994ms)
✔ production vault boundary: moss-vault (844x390) (2435.907242ms)
✔ actual new-game and saved region selection, outside and invalid coordinates (317.675867ms)
✔ per-theme single request, partial failure isolation, bounded retry, retained maps and disposal (27.226048ms)
✔ deadline releases startup and a hung image retains one request slot; late textures are released (19.67647ms)
✔ real async factory starts without unselected media; old all-four factory is blocked/rejected (23.370722ms)
✔ native map installation owns regional materials and preserves geometry/game state across lifecycle (190.530158ms)
✔ each vault is a reachable closed-space contract with eight props and a unique four-state warden (233.570533ms)
✔ vault scene follows playable terrain and gives each warden four distinct structural poses (470.058825ms)
✔ warden defeat gates one canonical memory reward and exact progress survives reload (398.306409ms)
✔ legacy positions overlapping new vault walls converge to a collision-free restore (136.23661ms)
✔ warden combat warnings use their authored encounter identity (49.203015ms)
✔ three bells use inscription order, reject wrong notes, preserve partial progress and reward only once (151.399044ms)
✔ shrine can be discovered and solved before meeting Ren; replaying bells cannot grant extra rewards (54.634795ms)
✔ bell interactions validate identity, actual distance, walls, idle hands and nearby danger (27.012003ms)
✔ resident conversation uses the moving resident, not a spoofed or obsolete home position (32.418187ms)
✔ residents follow day routines on walkable ground, stop near the player, and flee approaching enemies (82.502624ms)
✔ resident save resumes positions, drops navigation caches, and rejects invalid puzzle state (141.950332ms)
✔ healer dialogue reflects delivery choice and blacksmith reflects the restored furnace (43.409367ms)
✔ village render graph reflects bell progress and reward without requiring a WebGL context (136.051981ms)
✔ all three trails use the rendered weapon apex in the same frame, including changed ancestor transforms (129.492591ms)
✔ fixed attack-time sampling has equal lifetime, positions, taper and opacity at 30, 60 and 120 updates per second (16.212902ms)
✔ pause, death, equipment, root and attack discontinuities suppress stale ribbon connections (6.854362ms)
✔ a restored mid-swing has no invented history, and release history tapers away without sampling recovery (0.455477ms)
✔ the actor release envelope clips emission at its exact bounds rather than a global animation clock (0.452446ms)
✔ sample storage and render buffers remain bounded through 6000 updates and disposal is idempotent (42.262909ms)
✔ receipt is deterministic across fixed-stage names and rejects stale or modified content (149.401646ms)
✔ missing, extra and duplicate staged files cannot pass the receipt inventory (47.360615ms)
✔ missing references, unsafe manifest paths and mismatched original media are rejected before packaging (59.51421ms)
✔ optional standalone verifier rejects a syntactically valid media byte mutation (74.791363ms)
✔ default package writes only the web receipt without executing the optional encoder or decoder (1068.343236ms)
✔ every rendered tree has a matching solid trunk and keeps people and loot reachable (60.053666ms)
✔ spatial cells do not miss obstacles at negative coordinates, borders or inside large radii (0.373034ms)
✔ indexed ray and camera results match a full scan across the valley (221.723504ms)
ℹ tests 322
ℹ suites 0
ℹ pass 322
ℹ fail 0
ℹ cancelled 0
ℹ skipped 0
ℹ todo 0
ℹ duration_ms 44849.813151
